INFO:     Will watch for changes in these directories: ['D:\\Misc\\Purnazen-Android-App\\backend']
INFO:     Uvicorn running on http://0.0.0.0:5000 (Press CTRL+C to quit)
INFO:     Started reloader process [32144] using WatchFiles
INFO:     Started server process [22628]
INFO:     Waiting for application startup.
W0000 00:00:1781524889.911657    2904 face_landmarker_graph.cc:180] Sets FaceBlendshapesGraph acceleration to xnnpack by default.
INFO: Created TensorFlow Lite XNNPACK delegate for CPU.
W0000 00:00:1781524889.923067   27336 inference_feedback_manager.cc:121] Feedback manager requires a model with a single signature inference. Disabling support for feedback tensors.
W0000 00:00:1781524889.947880   16080 inference_feedback_manager.cc:121] Feedback manager requires a model with a single signature inference. Disabling support for feedback tensors.
INFO:     Application startup complete.
WARNING:  WatchFiles detected changes in 'app\services\scan_pipeline_service.py'. Reloading...
Scan pipeline failed for scan_id=17: (psycopg2.errors.NumericValueOutOfRange) numeric field overflow
DETAIL:  A field with precision 6, scale 4 must round to an absolute value less than 10^2.

[SQL: UPDATE face_scans SET blur_score=%(blur_score)s, updated_at=now() WHERE face_scans.id = %(face_scans_id)s]
[parameters: {'blur_score': 297.3106333358133, 'face_scans_id': 17}]
(Background on this error at: https://sqlalche.me/e/20/9h9h)
Traceback (most recent call last):
  File "D:\Misc\Purnazen-Android-App\backend\venv312\Lib\site-packages\sqlalchemy\engine\base.py", line 1969, in _exec_single_context
    self.dialect.do_execute(
  File "D:\Misc\Purnazen-Android-App\backend\venv312\Lib\site-packages\sqlalchemy\engine\default.py", line 952, in do_execute
    cursor.execute(statement, parameters)
psycopg2.errors.NumericValueOutOfRange: numeric field overflow
DETAIL:  A field with precision 6, scale 4 must round to an absolute value less than 10^2.


The above exception was the direct cause of the following exception:

Traceback (most recent call last):
  File "D:\Misc\Purnazen-Android-App\backend\app\services\scan_pipeline_service.py", line 317, in run_scan_pipeline
    db.commit()
  File "D:\Misc\Purnazen-Android-App\backend\venv312\Lib\site-packages\sqlalchemy\orm\session.py", line 2034, in commit
    trans.commit(_to_root=True)
  File "<string>", line 2, in commit
  File "D:\Misc\Purnazen-Android-App\backend\venv312\Lib\site-packages\sqlalchemy\orm\state_changes.py", line 137, in _go
    ret_value = fn(self, *arg, **kw)
                ^^^^^^^^^^^^^^^^^^^^
  File "D:\Misc\Purnazen-Android-App\backend\venv312\Lib\site-packages\sqlalchemy\orm\session.py", line 1315, in commit
    self._prepare_impl()
  File "<string>", line 2, in _prepare_impl
  File "D:\Misc\Purnazen-Android-App\backend\venv312\Lib\site-packages\sqlalchemy\orm\state_changes.py", line 137, in _go
    ret_value = fn(self, *arg, **kw)
                ^^^^^^^^^^^^^^^^^^^^
  File "D:\Misc\Purnazen-Android-App\backend\venv312\Lib\site-packages\sqlalchemy\orm\session.py", line 1290, in _prepare_impl
    self.session.flush()
  File "D:\Misc\Purnazen-Android-App\backend\venv312\Lib\site-packages\sqlalchemy\orm\session.py", line 4352, in flush
    self._flush(objects)
  File "D:\Misc\Purnazen-Android-App\backend\venv312\Lib\site-packages\sqlalchemy\orm\session.py", line 4487, in _flush
    with util.safe_reraise():
         ^^^^^^^^^^^^^^^^^^^
  File "D:\Misc\Purnazen-Android-App\backend\venv312\Lib\site-packages\sqlalchemy\util\langhelpers.py", line 122, in __exit__
    raise exc_value.with_traceback(exc_tb)
  File "D:\Misc\Purnazen-Android-App\backend\venv312\Lib\site-packages\sqlalchemy\orm\session.py", line 4448, in _flush
    flush_context.execute()
  File "D:\Misc\Purnazen-Android-App\backend\venv312\Lib\site-packages\sqlalchemy\orm\unitofwork.py", line 465, in execute
    rec.execute(self)
  File "D:\Misc\Purnazen-Android-App\backend\venv312\Lib\site-packages\sqlalchemy\orm\unitofwork.py", line 641, in execute
    util.preloaded.orm_persistence.save_obj(
  File "D:\Misc\Purnazen-Android-App\backend\venv312\Lib\site-packages\sqlalchemy\orm\persistence.py", line 86, in save_obj
    _emit_update_statements(
  File "D:\Misc\Purnazen-Android-App\backend\venv312\Lib\site-packages\sqlalchemy\orm\persistence.py", line 913, in _emit_update_statements
    c = connection.execute(
        ^^^^^^^^^^^^^^^^^^^
  File "D:\Misc\Purnazen-Android-App\backend\venv312\Lib\site-packages\sqlalchemy\engine\base.py", line 1421, in execute
    return meth(
           ^^^^^
  File "D:\Misc\Purnazen-Android-App\backend\venv312\Lib\site-packages\sqlalchemy\sql\elements.py", line 526, in _execute_on_connection
    return connection._execute_clauseelement(
           ^^^^^^^^^^^^^^^^^^^^^^^^^^^^^^^^^^
  File "D:\Misc\Purnazen-Android-App\backend\venv312\Lib\site-packages\sqlalchemy\engine\base.py", line 1643, in _execute_clauseelement
    ret = self._execute_context(
          ^^^^^^^^^^^^^^^^^^^^^^
  File "D:\Misc\Purnazen-Android-App\backend\venv312\Lib\site-packages\sqlalchemy\engine\base.py", line 1848, in _execute_context
    return self._exec_single_context(
           ^^^^^^^^^^^^^^^^^^^^^^^^^^
  File "D:\Misc\Purnazen-Android-App\backend\venv312\Lib\site-packages\sqlalchemy\engine\base.py", line 1988, in _exec_single_context
    self._handle_dbapi_exception(
  File "D:\Misc\Purnazen-Android-App\backend\venv312\Lib\site-packages\sqlalchemy\engine\base.py", line 2365, in _handle_dbapi_exception
    raise sqlalchemy_exception.with_traceback(exc_info[2]) from e
  File "D:\Misc\Purnazen-Android-App\backend\venv312\Lib\site-packages\sqlalchemy\engine\base.py", line 1969, in _exec_single_context
    self.dialect.do_execute(
  File "D:\Misc\Purnazen-Android-App\backend\venv312\Lib\site-packages\sqlalchemy\engine\default.py", line 952, in do_execute
    cursor.execute(statement, parameters)
sqlalchemy.exc.DataError: (psycopg2.errors.NumericValueOutOfRange) numeric field overflow
DETAIL:  A field with precision 6, scale 4 must round to an absolute value less than 10^2.

[SQL: UPDATE face_scans SET blur_score=%(blur_score)s, updated_at=now() WHERE face_scans.id = %(face_scans_id)s]
[parameters: {'blur_score': 297.3106333358133, 'face_scans_id': 17}]
(Background on this error at: https://sqlalche.me/e/20/9h9h)
E0000 00:00:1781525490.417827   15660 portable_clearcut_uploader.cc:90] Failed to send to clearcut: FAILED_PRECONDITION: Not valid for uploading until: 2026-06-15T12:17:30.357338+00:00
=== Source Location Trace: === 
wireless/android/play/playlog/cplusplus/portable_clearcut_uploader.cc:180
E0000 00:00:1781525550.432208   15660 portable_clearcut_uploader.cc:90] Failed to send to clearcut: FAILED_PRECONDITION: Not valid for uploading until: 2026-06-15T12:17:30.357338+00:00
=== Source Location Trace: === 
wireless/android/play/playlog/cplusplus/portable_clearcut_uploader.cc:180
E0000 00:00:1781525610.433447   15660 portable_clearcut_uploader.cc:90] Failed to send to clearcut: FAILED_PRECONDITION: Not valid for uploading until: 2026-06-15T12:17:30.357338+00:00
=== Source Location Trace: === 
wireless/android/play/playlog/cplusplus/portable_clearcut_uploader.cc:180
E0000 00:00:1781525670.444865   15660 portable_clearcut_uploader.cc:90] Failed to send to clearcut: FAILED_PRECONDITION: Not valid for uploading until: 2026-06-15T12:17:30.357338+00:00
=== Source Location Trace: === 
wireless/android/play/playlog/cplusplus/portable_clearcut_uploader.cc:180
E0000 00:00:1781525730.457162   15660 portable_clearcut_uploader.cc:90] Failed to send to clearcut: FAILED_PRECONDITION: Not valid for uploading until: 2026-06-15T12:17:30.357338+00:00
=== Source Location Trace: === 
wireless/android/play/playlog/cplusplus/portable_clearcut_uploader.cc:180
E0000 00:00:1781525790.471440   15660 portable_clearcut_uploader.cc:90] Failed to send to clearcut: FAILED_PRECONDITION: Not valid for uploading until: 2026-06-15T12:17:30.357338+00:00
=== Source Location Trace: === 
wireless/android/play/playlog/cplusplus/portable_clearcut_uploader.cc:180
[CLIENT ERROR] Network Error | screen=- action=POST /api/v1/face-glow/scan/upload?scan_type=face platform=android version=1.0.0 ip=127.0.0.1 ts=2026-06-15T12:31:25.344608+00:00
AxiosError: Network Error
    at AxiosError (http://localhost:8081/index.bundle//&platform=android&dev=true&lazy=true&minify=false&app=com.wellness&modulesOnly=false&runModule=true&excludeSource=true&sourcePaths=url-server&transform.routerRoot=app&transform.engine=hermes&transform.bytecode=1&unstable_transformProfile=hermes-stable:137457:12)
    at handleError (http://localhost:8081/index.bundle//&platform=android&dev=true&lazy=true&minify=false&app=com.wellness&modulesOnly=false&runModule=true&excludeSource=true&sourcePaths=url-server&transform.routerRoot=app&transform.engine=hermes&transform.bytecode=1&unstable_transformProfile=hermes-stable:138721:35)
    at invoke (http://localhost:8081/index.bundle//&platform=android&dev=true&lazy=true&minify=false&app=com.wellness&modulesOnly=false&runModule=true&excludeSource=true&sourcePaths=url-server&transform.routerRoot=app&transform.engine=hermes&transform.bytecode=1&unstable_transformProfile=hermes-stable:48663:31)
    at dispatch (http://localhost:8081/index.bundle//&platform=android&dev=true&lazy=true&minify=false&app=com.wellness&modulesOnly=false&runModule=true&excludeSource=true&sourcePaths=url-server&transform.routerRoot=app&transform.engine=hermes&transform.bytecode=1&unstable_transformProfile=hermes-stable:48619:13)
    at anonymous (http://localhost:8081/index.bundle//&platform=android&dev=true&lazy=true&minify=false&app=com.wellness&modulesOnly=false&runModule=true&excludeSource=true&sourcePaths=url-server&transform.routerRoot=app&transform.engine=hermes&transform.bytecode=1&unstable_transformProfile=hermes-stable:48586:15)
    at dispatchTrustedEvent (http://localhost:8081/index.bundle//&platform=android&dev=true&lazy=true&minify=false&app=com.wellness&modulesOnly=false&runModule=true&excludeSource=true&sourcePaths=url-server&transform.routerRoot=app&transform.engine=hermes&transform.bytecode=1&unstable_transformProfile=hermes-stable:48721:53)
    at setReadyState (http://localhost:8081/index.bundle//&platfor
E0000 00:00:1781526690.736913   15660 portable_clearcut_uploader.cc:90] Failed to send to clearcut: FAILED_PRECONDITION: Not valid for uploading until: 2026-06-15T12:32:30.597649+00:00
=== Source Location Trace: === 
wireless/android/play/playlog/cplusplus/portable_clearcut_uploader.cc:180
